// Jest Snapshot v1, https://goo.gl/fbAQLP

exports[`Racing Task "2017-07-17-lev" final result 1`] = `
"
┌──────┬─────┬───────────────────────┬──────────────┬──────────┬──────────┬──────────┬────────────┬───────┐
│    # │ WBK │ Name                  │ Plane        │    Start │     Time │     Dist │      Speed │ Score │
│    1 │ IGP │ Tobias Pachowsky      │ LS-4         │ 14:50:57 │ 01:48:14 │ 136.1 km │ 75.47 km/h │   431 │
│    2 │ 1G  │ Florian Graf          │ ASW-19       │ 14:54:34 │ 01:56:21 │ 136.1 km │ 70.21 km/h │   398 │
│    3 │ P9  │ Hauke Schmoranzer     │ LS-4 WL      │ 14:51:22 │ 01:58:40 │ 136.1 km │ 68.84 km/h │   362 │
│    4 │ MI  │ Till Schmidt          │ LS-4         │ 14:51:15 │ 01:59:41 │ 136.1 km │ 68.25 km/h │   356 │
│    5 │ 999 │ Julius Hanßen         │ DG-100       │ 14:51:52 │ 02:06:39 │ 136.1 km │ 64.49 km/h │   344 │
│    6 │ LC  │ Steffen Dringenberg   │ LS-4         │ 14:53:46 │ 02:02:47 │ 136.1 km │ 66.53 km/h │   338 │
│    7 │ MS  │ Marius Stelzer        │ LS-1d        │ 14:52:13 │ 02:12:04 │ 136.1 km │ 61.85 km/h │   329 │
│    8 │ E1  │ Max Böswald           │ LS-4         │ 14:50:58 │ 02:04:32 │ 136.1 km │ 65.60 km/h │   329 │
│    9 │ 1R  │ Lars Liebert          │ LS-4         │ 14:52:58 │ 02:05:15 │ 136.1 km │ 65.22 km/h │   325 │
│   10 │ SW  │ Torben Raatz          │ Std. Libelle │ 14:52:26 │ 02:13:19 │ 136.1 km │ 61.27 km/h │   323 │
│   11 │ 1   │ Nils Ruckert          │ LS-1f neo    │ 14:47:05 │ 02:09:50 │ 136.1 km │ 62.91 km/h │   320 │
│   12 │ FR  │ Kevin Lippold         │ Std. Libelle │ 14:51:34 │ 02:14:25 │ 136.1 km │ 60.77 km/h │   317 │
│   13 │ H1  │ Karl Janek Grünthaler │ DG-303       │ 14:53:02 │ 02:06:09 │ 136.1 km │ 64.75 km/h │   314 │
│   14 │ EI  │ Mike Bauer            │ Discus       │ 14:51:15 │ 02:04:12 │ 136.1 km │ 65.77 km/h │   311 │
│   15 │ sq  │ Carsten Richartz      │ Mosquito     │ 14:53:01 │ 02:08:54 │ 136.1 km │ 63.37 km/h │   287 │
│   16 │ JM  │ Wilm Ahrens           │ ASW-19b      │ 14:56:52 │ 02:17:36 │ 136.1 km │ 59.36 km/h │   283 │
│   17 │ XN  │ Ulrich Luta           │ LS-1d        │ 14:51:30 │ 02:23:14 │ 136.1 km │ 57.03 km/h │   276 │
│   18 │ T1  │ Moritz Lübstorf       │ LS-4         │ 15:06:25 │ 02:18:02 │ 136.1 km │ 59.18 km/h │   262 │
│   19 │ WJ  │ Elena Mascus          │ LS-4 WL      │ 15:06:22 │ 02:30:44 │ 136.1 km │ 54.19 km/h │   211 │
│   20 │ 33  │ Frederik Wendland     │ Libelle      │ 14:51:16 │          │ 103.6 km │            │   130 │
│   21 │ ZG  │ Philipp Rekitt        │ LS-4b        │ 14:06:55 │          │  94.2 km │            │   111 │
└──────┴─────┴───────────────────────┴──────────────┴──────────┴──────────┴──────────┴────────────┴───────┘
"
`;

exports[`Racing Task "2017-07-17-lev" result after 2017-07-17T17:00:00Z 1`] = `
"
┌──────┬─────┬───────────────────────┬──────────────┬──────────┬──────────┬──────────┬────────────┬───────┐
│    # │ WBK │ Name                  │ Plane        │    Start │     Time │     Dist │      Speed │ Score │
│    1 │ IGP │ Tobias Pachowsky      │ LS-4         │ 14:50:57 │ 01:48:14 │ 136.1 km │ 75.47 km/h │   417 │
│    2 │ 1G  │ Florian Graf          │ ASW-19       │ 14:54:34 │ 01:56:21 │ 136.1 km │ 70.21 km/h │   399 │
│    3 │ P9  │ Hauke Schmoranzer     │ LS-4 WL      │ 14:51:22 │ 01:58:40 │ 136.1 km │ 68.84 km/h │   379 │
│    4 │ MI  │ Till Schmidt          │ LS-4         │ 14:51:15 │ 01:59:41 │ 136.1 km │ 68.25 km/h │   375 │
│    5 │ 999 │ Julius Hanßen         │ DG-100       │ 14:51:52 │ 02:06:39 │ 136.1 km │ 64.49 km/h │   368 │
│    6 │ LC  │ Steffen Dringenberg   │ LS-4         │ 14:53:46 │ 02:02:47 │ 136.1 km │ 66.53 km/h │   365 │
│    7 │ E1  │ Max Böswald           │ LS-4         │ 14:50:58 │ 02:04:32 │ 136.1 km │ 65.60 km/h │   360 │
│    8 │ 1R  │ Lars Liebert          │ LS-4         │ 14:52:58 │ 02:05:15 │ 136.1 km │ 65.22 km/h │   358 │
│    9 │ 1   │ Nils Ruckert          │ LS-1f neo    │ 14:47:05 │ 02:09:50 │ 136.1 km │ 62.91 km/h │   355 │
│   10 │ H1  │ Karl Janek Grünthaler │ DG-303       │ 14:53:02 │ 02:06:09 │ 136.1 km │ 64.75 km/h │   351 │
│   11 │ EI  │ Mike Bauer            │ Discus       │ 14:51:15 │ 02:04:12 │ 136.1 km │ 65.77 km/h │   350 │
│ ! 12 │ MS  │ Marius Stelzer        │ LS-1d        │ 13:55:53 │          │ 126.3 km │            │   257 │
│ ! 13 │ FR  │ Kevin Lippold         │ Std. Libelle │ 14:46:35 │          │ 124.2 km │            │   253 │
│ ! 14 │ SW  │ Torben Raatz          │ Std. Libelle │ 13:59:06 │          │ 124.1 km │            │   252 │
│ ! 15 │ sq  │ Carsten Richartz      │ Mosquito     │ 14:00:07 │          │ 131.0 km │            │   244 │
│ ! 16 │ XN  │ Ulrich Luta           │ LS-1d        │ 14:51:30 │          │ 114.4 km │            │   233 │
│ ! 17 │ JM  │ Wilm Ahrens           │ ASW-19b      │ 14:56:52 │          │ 114.2 km │            │   225 │
│ ! 18 │ 33  │ Frederik Wendland     │ Libelle      │ 14:51:16 │          │ 103.6 km │            │   211 │
│ ! 19 │ T1  │ Moritz Lübstorf       │ LS-4         │ 14:48:31 │          │ 109.7 km │            │   210 │
│ ! 20 │ WJ  │ Elena Mascus          │ LS-4 WL      │ 14:48:16 │          │ 100.5 km │            │   193 │
│   21 │ ZG  │ Philipp Rekitt        │ LS-4b        │ 14:06:55 │          │  94.2 km │            │   181 │
└──────┴─────┴───────────────────────┴──────────────┴──────────┴──────────┴──────────┴────────────┴───────┘
"
`;
