// Jest Snapshot v1, https://goo.gl/fbAQLP

exports[`readFromFile() 2017-07-15-lev 1`] = `
Array [
  Object {
    "callsign": "JM",
    "handicap": 101,
    "ognID": "OGNE0DC7A",
    "pilot": "Wilm Ahrens",
    "registration": "",
    "type": "ASW-19b",
  },
  Object {
    "callsign": "EI",
    "handicap": 107,
    "ognID": "FLRDD9E31",
    "pilot": "Mike Bauer",
    "registration": "",
    "type": "Discus",
  },
  Object {
    "callsign": "E1",
    "handicap": 104,
    "ognID": "FLRDDFD36",
    "pilot": "Max Böswald",
    "registration": "",
    "type": "LS-4",
  },
  Object {
    "callsign": "1G",
    "handicap": 101,
    "ognID": "FLRDDC15A",
    "pilot": "Florian Graf",
    "registration": "",
    "type": "ASW-19",
  },
  Object {
    "callsign": "H1",
    "handicap": 105,
    "ognID": "FLRDD86AA",
    "pilot": "Karl Janek Grünthaler",
    "registration": "",
    "type": "DG-303",
  },
  Object {
    "callsign": "999",
    "handicap": 100,
    "ognID": "FLRDDA756",
    "pilot": "Julius Hanßen",
    "registration": "",
    "type": "DG-100",
  },
  Object {
    "callsign": "TA",
    "handicap": 101,
    "ognID": "FLRDDB004",
    "pilot": "Wilhelm Klomp-Alexander",
    "registration": "",
    "type": "LS-1f",
  },
  Object {
    "callsign": "1R",
    "handicap": 104,
    "ognID": "FLRDD979B",
    "pilot": "Lars Liebert",
    "registration": "",
    "type": "LS-4",
  },
  Object {
    "callsign": "FR",
    "handicap": 98,
    "ognID": "FLRDD9AEA",
    "pilot": "Kevin Lippold",
    "registration": "",
    "type": "Std. Libelle",
  },
  Object {
    "callsign": "T",
    "handicap": 104,
    "ognID": "FLRDDA3BD",
    "pilot": "Julius Lübstorf",
    "registration": "",
    "type": "LS-4",
  },
  Object {
    "callsign": "T1",
    "handicap": 104,
    "ognID": "FLRDD85FF",
    "pilot": "Moritz Lübstorf",
    "registration": "",
    "type": "LS-4",
  },
  Object {
    "callsign": "XN",
    "handicap": 98,
    "ognID": "FLRDF08B2",
    "pilot": "Ulrich Luta",
    "registration": "",
    "type": "LS-1d",
  },
  Object {
    "callsign": "LC",
    "handicap": 104,
    "ognID": "OGNC9EE5F",
    "pilot": "Steffen Dringenberg",
    "registration": "",
    "type": "LS-4",
  },
  Object {
    "callsign": "WJ",
    "handicap": 104,
    "ognID": "OGNC8E459",
    "pilot": "Elena Mascus",
    "registration": "",
    "type": "LS-4 WL",
  },
  Object {
    "callsign": "IGP",
    "handicap": 104,
    "ognID": "FLRDDFE29",
    "pilot": "Tobias Pachowsky",
    "registration": "",
    "type": "LS-4",
  },
  Object {
    "callsign": "SW",
    "handicap": 98,
    "ognID": "OGNEBC855",
    "pilot": "Torben Raatz",
    "registration": "",
    "type": "Std. Libelle",
  },
  Object {
    "callsign": "ZG",
    "handicap": 104,
    "ognID": "FLRDDECF2",
    "pilot": "Philipp Rekitt",
    "registration": "",
    "type": "LS-4b",
  },
  Object {
    "callsign": "sq",
    "handicap": 107,
    "ognID": "FLRDD82F6",
    "pilot": "Carsten Richartz",
    "registration": "",
    "type": "Mosquito",
  },
  Object {
    "callsign": "1",
    "handicap": 101,
    "ognID": "FLRDF0869",
    "pilot": "Nils Ruckert",
    "registration": "",
    "type": "LS-1f neo",
  },
  Object {
    "callsign": "MI",
    "handicap": 104,
    "ognID": "FLRDD85BD",
    "pilot": "Till Schmidt",
    "registration": "",
    "type": "LS-4",
  },
  Object {
    "callsign": "P9",
    "handicap": 104,
    "ognID": "OGNCEC858",
    "pilot": "Hauke Schmoranzer",
    "registration": "",
    "type": "LS-4 WL",
  },
  Object {
    "callsign": "MS",
    "handicap": 98,
    "ognID": "FLRDD8E27",
    "pilot": "Marius Stelzer",
    "registration": "",
    "type": "LS-1d",
  },
  Object {
    "callsign": "33",
    "handicap": 98,
    "ognID": "FLRDD9A95",
    "pilot": "Frederik Wendland",
    "registration": "",
    "type": "Libelle",
  },
]
`;

exports[`readFromFile() Bayreuth/2018-05-30/Open 1`] = `
Array [
  Object {
    "callsign": "VH",
    "handicap": 100,
    "ognID": "053E5E5C",
    "pilot": "",
    "registration": "D-KAXW",
    "type": "ASW 22BLE",
  },
  Object {
    "callsign": "MM",
    "handicap": 100,
    "ognID": "06DD88DF",
    "pilot": "",
    "registration": "D-KBHS",
    "type": "ASW 22BLE",
  },
  Object {
    "callsign": "MD",
    "handicap": 100,
    "ognID": "22D00442",
    "pilot": "",
    "registration": "D-KDTM",
    "type": "JS1 C",
  },
  Object {
    "callsign": "TEX",
    "handicap": 100,
    "ognID": "06DDA524",
    "pilot": "",
    "registration": "D-KTEX",
    "type": "Nimbus 4M",
  },
  Object {
    "callsign": "EPI",
    "handicap": 100,
    "ognID": "XXXXXX",
    "pilot": "",
    "registration": "D-KFPI",
    "type": "Nimbus 4DM",
  },
  Object {
    "callsign": "FJ",
    "handicap": 100,
    "ognID": "06DF02A3",
    "pilot": "",
    "registration": "D-KFJE",
    "type": "EB 29R",
  },
  Object {
    "callsign": "FU",
    "handicap": 100,
    "ognID": "06DDE296",
    "pilot": "",
    "registration": "D-KLFU",
    "type": "EB 29D",
  },
  Object {
    "callsign": "YY",
    "handicap": 100,
    "ognID": "06DF0935",
    "pilot": "",
    "registration": "D-KGYY",
    "type": "Nimeta X",
  },
  Object {
    "callsign": "VX",
    "handicap": 100,
    "ognID": "053ECC23",
    "pilot": "",
    "registration": "D-KUSA",
    "type": "ASH 31Mi",
  },
  Object {
    "callsign": "QAX",
    "handicap": 100,
    "ognID": "06DD9651",
    "pilot": "",
    "registration": "D-7064",
    "type": "ASH 25",
  },
  Object {
    "callsign": "DF",
    "handicap": 100,
    "ognID": "06DD9A24",
    "pilot": "",
    "registration": "D-1763",
    "type": "ASH 25",
  },
  Object {
    "callsign": "NY",
    "handicap": 100,
    "ognID": "06DDD8BB",
    "pilot": "",
    "registration": "D-KONX",
    "type": "ASW 22BLE",
  },
  Object {
    "callsign": "NX",
    "handicap": 100,
    "ognID": "06DDA36B",
    "pilot": "",
    "registration": "D-KUNX",
    "type": "EB 28",
  },
  Object {
    "callsign": "FO",
    "handicap": 100,
    "ognID": "06DF1007",
    "pilot": "",
    "registration": "D-KBFO",
    "type": "Nimbus 4t",
  },
  Object {
    "callsign": "VY",
    "handicap": 100,
    "ognID": "06DF0EDE",
    "pilot": "",
    "registration": "D-KAVY",
    "type": "JS1 C",
  },
  Object {
    "callsign": "TOY",
    "handicap": 100,
    "ognID": "06DF084D",
    "pilot": "",
    "registration": "D-KHVG",
    "type": "ASG 29E",
  },
  Object {
    "callsign": "LY",
    "handicap": 100,
    "ognID": "053E6B1D",
    "pilot": "",
    "registration": "D-KFTL",
    "type": "ASH 25 EB28",
  },
  Object {
    "callsign": "LM",
    "handicap": 100,
    "ognID": "22D0013C",
    "pilot": "",
    "registration": "D-KLMD",
    "type": "ASH 25E",
  },
  Object {
    "callsign": "AM",
    "handicap": 100,
    "ognID": "3AA007",
    "pilot": "",
    "registration": "D-KPAM",
    "type": "EB 29",
  },
  Object {
    "callsign": "RB",
    "handicap": 100,
    "ognID": "06DF1407",
    "pilot": "",
    "registration": "D-KIRB",
    "type": "EB 28",
  },
  Object {
    "callsign": "ET",
    "handicap": 100,
    "ognID": "06DDAAFE",
    "pilot": "",
    "registration": "D-KUBR",
    "type": "Nimbus 4",
  },
  Object {
    "callsign": "W1",
    "handicap": 100,
    "ognID": "06DD04AC",
    "pilot": "",
    "registration": "D-KBWI",
    "type": "ASG 32Mi",
  },
  Object {
    "callsign": "JOY",
    "handicap": 100,
    "ognID": "06DF0DFC",
    "pilot": "",
    "registration": "D-KPJJ",
    "type": "ASG 29E",
  },
  Object {
    "callsign": "I",
    "handicap": 100,
    "ognID": "06DDC1D8",
    "pilot": "",
    "registration": "D-KAXC",
    "type": "Antares",
  },
  Object {
    "callsign": "HS",
    "handicap": 100,
    "ognID": "053E747C",
    "pilot": "",
    "registration": "D-KJHS",
    "type": "EB 29",
  },
  Object {
    "callsign": "WR",
    "handicap": 100,
    "ognID": "06DD9A0F",
    "pilot": "",
    "registration": "D-KSWR",
    "type": "ASW 22BLE",
  },
  Object {
    "callsign": "IM",
    "handicap": 100,
    "ognID": "046B81BE",
    "pilot": "",
    "registration": "D-KAIM",
    "type": "ASH 25E",
  },
  Object {
    "callsign": "KV",
    "handicap": 100,
    "ognID": "06DD96EC",
    "pilot": "",
    "registration": "D-KKUP",
    "type": "ASW 22BLE",
  },
  Object {
    "callsign": "HW",
    "handicap": 100,
    "ognID": "06DD87BD",
    "pilot": "",
    "registration": "D-KXXX",
    "type": " Nimbus 4DM",
  },
]
`;

exports[`readHandicapsFromFile() 2017-07-15-lev 1`] = `
Object {
  "1": 101,
  "1G": 101,
  "1R": 104,
  "33": 98,
  "999": 100,
  "E1": 104,
  "EI": 107,
  "FR": 98,
  "H1": 105,
  "IGP": 104,
  "JM": 101,
  "LC": 104,
  "MI": 104,
  "MS": 98,
  "P9": 104,
  "SQ": 107,
  "SW": 98,
  "T": 104,
  "T1": 104,
  "TA": 101,
  "WJ": 104,
  "XN": 98,
  "ZG": 104,
}
`;

exports[`readHandicapsFromFile() Bayreuth/2018-05-30/Open 1`] = `
Object {
  "AM": 100,
  "DF": 100,
  "EPI": 100,
  "ET": 100,
  "FJ": 100,
  "FO": 100,
  "FU": 100,
  "HS": 100,
  "HW": 100,
  "I": 100,
  "IM": 100,
  "JOY": 100,
  "KV": 100,
  "LM": 100,
  "LY": 100,
  "MD": 100,
  "MM": 100,
  "NX": 100,
  "NY": 100,
  "QAX": 100,
  "RB": 100,
  "TEX": 100,
  "TOY": 100,
  "VH": 100,
  "VX": 100,
  "VY": 100,
  "W1": 100,
  "WR": 100,
  "YY": 100,
}
`;
